// Jest Snapshot v1, https://goo.gl/fbAQLP

exports[`component component should validate arguments 1`] = `"[ERR_INVALID_ARG_TYPE]: The 'runtimeConfig.middleware' argument must be of type Array. Received null"`;

exports[`component component should validate arguments 2`] = `"[ERR_INVALID_ARG_VALUE]: The argument 'ERROR' must be one of: 'GET', 'POST', 'PUT', 'DELETE', 'PATCH', 'HEAD', 'OPTIONS', 'ALL' . Received type string ('trigger.method')"`;

exports[`component should register api route as Controller 1`] = `
{
  "handler": [Function],
  "method": "get",
  "middleware": [],
  "path": "/",
}
`;

exports[`component should register api route as Controller 2`] = `
{
  "handler": [Function],
  "method": "post",
  "middleware": [
    [Function],
  ],
  "path": "/post",
}
`;
