// Jest Snapshot v1, https://goo.gl/fbAQLP

exports[`defineMeta 1`] = `
Object {
  "Http_Header": true,
  "Http_Params": true,
  "Http_Query": true,
  "Middleware": Array [
    [Function],
  ],
  "Trigger": Object {
    "method": "GET",
    "path": undefined,
    "requestClient": Object {
      "client": "@midwayjs/rpc",
      "fetcher": "http",
    },
    "type": "HTTP",
  },
  "USE_INPUT_METADATA": true,
}
`;
