// Jest Snapshot v1, https://goo.gl/fbAQLP

exports[`load file route with custom trigger 1`] = `
[
  {
    "file": "/index.ts",
    "fn": [Function],
    "functionId": "custom",
    "functionName": "custom",
    "middleware": [],
    "trigger": {
      "isCustom": true,
      "type": "Custom",
    },
    "useInputMetadata": false,
  },
]
`;

exports[`load file route with http trigger 1`] = `
[
  {
    "file": "/index.ts",
    "fn": [Function],
    "functionId": "get",
    "functionName": "get",
    "middleware": [],
    "trigger": {
      "method": "GET",
      "path": "/api/get",
      "requestClient": {
        "client": "@midwayjs/rpc",
        "fetcher": "http",
      },
      "type": "HTTP",
    },
    "useInputMetadata": false,
  },
  {
    "file": "/index.ts",
    "fn": [Function],
    "functionId": "post",
    "functionName": "post",
    "middleware": [],
    "trigger": {
      "method": "POST",
      "path": "/api/post",
      "requestClient": {
        "client": "@midwayjs/rpc",
        "fetcher": "http",
      },
      "type": "HTTP",
    },
    "useInputMetadata": false,
  },
  {
    "file": "/index.ts",
    "fn": [Function],
    "functionId": "put",
    "functionName": "put",
    "middleware": [],
    "trigger": {
      "method": "PUT",
      "path": "/api/put",
      "requestClient": {
        "client": "@midwayjs/rpc",
        "fetcher": "http",
      },
      "type": "HTTP",
    },
    "useInputMetadata": false,
  },
  {
    "file": "/index.ts",
    "fn": [Function],
    "functionId": "del",
    "functionName": "del",
    "middleware": [],
    "trigger": {
      "method": "DELETE",
      "path": "/api/del",
      "requestClient": {
        "client": "@midwayjs/rpc",
        "fetcher": "http",
      },
      "type": "HTTP",
    },
    "useInputMetadata": false,
  },
  {
    "file": "/index.ts",
    "fn": [Function],
    "functionId": "patch",
    "functionName": "patch",
    "middleware": [],
    "trigger": {
      "method": "PATCH",
      "path": "/api/patch",
      "requestClient": {
        "client": "@midwayjs/rpc",
        "fetcher": "http",
      },
      "type": "HTTP",
    },
    "useInputMetadata": false,
  },
  {
    "file": "/index.ts",
    "fn": [Function],
    "functionId": "head",
    "functionName": "head",
    "middleware": [],
    "trigger": {
      "method": "HEAD",
      "path": "/api/head",
      "requestClient": {
        "client": "@midwayjs/rpc",
        "fetcher": "http",
      },
      "type": "HTTP",
    },
    "useInputMetadata": false,
  },
  {
    "file": "/index.ts",
    "fn": [Function],
    "functionId": "options",
    "functionName": "options",
    "middleware": [],
    "trigger": {
      "method": "OPTIONS",
      "path": "/api/options",
      "requestClient": {
        "client": "@midwayjs/rpc",
        "fetcher": "http",
      },
      "type": "HTTP",
    },
    "useInputMetadata": false,
  },
  {
    "file": "/index.ts",
    "fn": [Function],
    "functionId": "index",
    "functionName": "$default",
    "middleware": [],
    "trigger": {
      "method": "ALL",
      "path": "/api/index",
      "requestClient": {
        "client": "@midwayjs/rpc",
        "fetcher": "http",
      },
      "type": "HTTP",
    },
    "useInputMetadata": false,
  },
]
`;
